[[cpe:2.3:a:hp:radia_notify_daemon:-:*:*:*:*:*:*:* HP Radia Notify Daemon hp radia_notify_daemon -  false] [cpe:2.3:a:hp:sanworks:-:*:*:*:*:*:*:* HP SANworks hp sanworks -  false] [cpe:2.3:a:hp:scanjet_utilities:-:*:*:*:*:*:*:* HP Scanjet Utilities hp scanjet_utilities -  false] [cpe:2.3:a:hp:secure_web_console:-:*:*:*:*:*:*:* HP Secure Web Console hp secure_web_console -  false] [cpe:2.3:a:hp:sendmail:-:*:*:*:*:*:*:* HP sendmail hp sendmail -  false] [cpe:2.3:o:linux:linux_kernel:2.6.2:*:*:*:*:*:*:* Linux Kernel 2.6.2 linux linux_kernel 2.6.2  true]]